// Jest Snapshot v1, https://goo.gl/fbAQLP

exports[`should render ExpenseListItem with expenses 1`] = `
<div>
  <Link
    replace={false}
    to="/edit/1"
  >
    <h3>
      Water bill
    </h3>
  </Link>
  <p>
    4500
     - 
    <Component />
  </p>
</div>
`;
