// Jest Snapshot v1, https://goo.gl/fbAQLP

exports[`should render ExpenseList with expenses 1`] = `
<div>
  <h1>
    Expense List
  </h1>
  <ExpenseListItem
    amount={4500}
    description="Water bill"
    id={1}
    key="1"
  />
  <ExpenseListItem
    amount={4500}
    description="Rent bill"
    id={2}
    key="2"
  />
  <ExpenseListItem
    amount={4500}
    description="Dirt bill"
    id={3}
    key="3"
  />
</div>
`;

exports[`should render ExpenseList with message 1`] = `
<div>
  <h1>
    Expense List
  </h1>
  <p>
    No Expenses on the list
  </p>
</div>
`;
